MPLINK 5.08, LINKER
Linker Map File - Created Sun Jul 15 23:02:58 2018

                                 Section Info
                  Section       Type    Address   Location Size(Bytes)
                ---------  ---------  ---------  ---------  ---------
                   .org_0       code   0x000000    program   0x000002
                   .cinit    romdata   0x000001    program   0x000004
                   .org_1       code   0x000005    program   0x000092



                              Program Memory Usage 
                               Start         End      
                           ---------   ---------      
                            0x000000    0x000002      
                            0x000005    0x00004d      
            76 out of 8454 program addresses used, program memory utilization is 0%



                              Symbols - Sorted by Name
                     Name    Address   Location    Storage File                     
                ---------  ---------  ---------  --------- ---------                
                       F1   0x000035    program     static C:\Users\¡¡¡VIVA EL BASKET!!!\Desktop\Progra\PIC\Frecuencias.X\Frecuencias.asm
                       F2   0x00003a    program     static C:\Users\¡¡¡VIVA EL BASKET!!!\Desktop\Progra\PIC\Frecuencias.X\Frecuencias.asm
                       F3   0x00003f    program     static C:\Users\¡¡¡VIVA EL BASKET!!!\Desktop\Progra\PIC\Frecuencias.X\Frecuencias.asm
                       F4   0x000044    program     static C:\Users\¡¡¡VIVA EL BASKET!!!\Desktop\Progra\PIC\Frecuencias.X\Frecuencias.asm
                       F5   0x000049    program     static C:\Users\¡¡¡VIVA EL BASKET!!!\Desktop\Progra\PIC\Frecuencias.X\Frecuencias.asm
                   INICIO   0x000005    program     static C:\Users\¡¡¡VIVA EL BASKET!!!\Desktop\Progra\PIC\Frecuencias.X\Frecuencias.asm
                     LOOP   0x00000d    program     static C:\Users\¡¡¡VIVA EL BASKET!!!\Desktop\Progra\PIC\Frecuencias.X\Frecuencias.asm
                    LOOP1   0x000037    program     static C:\Users\¡¡¡VIVA EL BASKET!!!\Desktop\Progra\PIC\Frecuencias.X\Frecuencias.asm
                    LOOP2   0x00003c    program     static C:\Users\¡¡¡VIVA EL BASKET!!!\Desktop\Progra\PIC\Frecuencias.X\Frecuencias.asm
                    LOOP3   0x000041    program     static C:\Users\¡¡¡VIVA EL BASKET!!!\Desktop\Progra\PIC\Frecuencias.X\Frecuencias.asm
                    LOOP4   0x000046    program     static C:\Users\¡¡¡VIVA EL BASKET!!!\Desktop\Progra\PIC\Frecuencias.X\Frecuencias.asm
                    LOOP5   0x00004b    program     static C:\Users\¡¡¡VIVA EL BASKET!!!\Desktop\Progra\PIC\Frecuencias.X\Frecuencias.asm
                       S1   0x000010    program     static C:\Users\¡¡¡VIVA EL BASKET!!!\Desktop\Progra\PIC\Frecuencias.X\Frecuencias.asm
                       S2   0x000013    program     static C:\Users\¡¡¡VIVA EL BASKET!!!\Desktop\Progra\PIC\Frecuencias.X\Frecuencias.asm
                       S3   0x000016    program     static C:\Users\¡¡¡VIVA EL BASKET!!!\Desktop\Progra\PIC\Frecuencias.X\Frecuencias.asm
                       S4   0x000019    program     static C:\Users\¡¡¡VIVA EL BASKET!!!\Desktop\Progra\PIC\Frecuencias.X\Frecuencias.asm
               SECUENCIA1   0x00001c    program     static C:\Users\¡¡¡VIVA EL BASKET!!!\Desktop\Progra\PIC\Frecuencias.X\Frecuencias.asm
               SECUENCIA2   0x000021    program     static C:\Users\¡¡¡VIVA EL BASKET!!!\Desktop\Progra\PIC\Frecuencias.X\Frecuencias.asm
               SECUENCIA3   0x000026    program     static C:\Users\¡¡¡VIVA EL BASKET!!!\Desktop\Progra\PIC\Frecuencias.X\Frecuencias.asm
               SECUENCIA4   0x00002b    program     static C:\Users\¡¡¡VIVA EL BASKET!!!\Desktop\Progra\PIC\Frecuencias.X\Frecuencias.asm
               SECUENCIA5   0x000030    program     static C:\Users\¡¡¡VIVA EL BASKET!!!\Desktop\Progra\PIC\Frecuencias.X\Frecuencias.asm



                              Symbols - Sorted by Address
                     Name    Address   Location    Storage File                     
                ---------  ---------  ---------  --------- ---------                
                   INICIO   0x000005    program     static C:\Users\¡¡¡VIVA EL BASKET!!!\Desktop\Progra\PIC\Frecuencias.X\Frecuencias.asm
                     LOOP   0x00000d    program     static C:\Users\¡¡¡VIVA EL BASKET!!!\Desktop\Progra\PIC\Frecuencias.X\Frecuencias.asm
                       S1   0x000010    program     static C:\Users\¡¡¡VIVA EL BASKET!!!\Desktop\Progra\PIC\Frecuencias.X\Frecuencias.asm
                       S2   0x000013    program     static C:\Users\¡¡¡VIVA EL BASKET!!!\Desktop\Progra\PIC\Frecuencias.X\Frecuencias.asm
                       S3   0x000016    program     static C:\Users\¡¡¡VIVA EL BASKET!!!\Desktop\Progra\PIC\Frecuencias.X\Frecuencias.asm
                       S4   0x000019    program     static C:\Users\¡¡¡VIVA EL BASKET!!!\Desktop\Progra\PIC\Frecuencias.X\Frecuencias.asm
               SECUENCIA1   0x00001c    program     static C:\Users\¡¡¡VIVA EL BASKET!!!\Desktop\Progra\PIC\Frecuencias.X\Frecuencias.asm
               SECUENCIA2   0x000021    program     static C:\Users\¡¡¡VIVA EL BASKET!!!\Desktop\Progra\PIC\Frecuencias.X\Frecuencias.asm
               SECUENCIA3   0x000026    program     static C:\Users\¡¡¡VIVA EL BASKET!!!\Desktop\Progra\PIC\Frecuencias.X\Frecuencias.asm
               SECUENCIA4   0x00002b    program     static C:\Users\¡¡¡VIVA EL BASKET!!!\Desktop\Progra\PIC\Frecuencias.X\Frecuencias.asm
               SECUENCIA5   0x000030    program     static C:\Users\¡¡¡VIVA EL BASKET!!!\Desktop\Progra\PIC\Frecuencias.X\Frecuencias.asm
                       F1   0x000035    program     static C:\Users\¡¡¡VIVA EL BASKET!!!\Desktop\Progra\PIC\Frecuencias.X\Frecuencias.asm
                    LOOP1   0x000037    program     static C:\Users\¡¡¡VIVA EL BASKET!!!\Desktop\Progra\PIC\Frecuencias.X\Frecuencias.asm
                       F2   0x00003a    program     static C:\Users\¡¡¡VIVA EL BASKET!!!\Desktop\Progra\PIC\Frecuencias.X\Frecuencias.asm
                    LOOP2   0x00003c    program     static C:\Users\¡¡¡VIVA EL BASKET!!!\Desktop\Progra\PIC\Frecuencias.X\Frecuencias.asm
                       F3   0x00003f    program     static C:\Users\¡¡¡VIVA EL BASKET!!!\Desktop\Progra\PIC\Frecuencias.X\Frecuencias.asm
                    LOOP3   0x000041    program     static C:\Users\¡¡¡VIVA EL BASKET!!!\Desktop\Progra\PIC\Frecuencias.X\Frecuencias.asm
                       F4   0x000044    program     static C:\Users\¡¡¡VIVA EL BASKET!!!\Desktop\Progra\PIC\Frecuencias.X\Frecuencias.asm
                    LOOP4   0x000046    program     static C:\Users\¡¡¡VIVA EL BASKET!!!\Desktop\Progra\PIC\Frecuencias.X\Frecuencias.asm
                       F5   0x000049    program     static C:\Users\¡¡¡VIVA EL BASKET!!!\Desktop\Progra\PIC\Frecuencias.X\Frecuencias.asm
                    LOOP5   0x00004b    program     static C:\Users\¡¡¡VIVA EL BASKET!!!\Desktop\Progra\PIC\Frecuencias.X\Frecuencias.asm


