CCS PCM C Compiler, Version 5.059, 5967               30-jul.-18 10:55

               Filename:   C:\Users\¡¡¡VIVA EL BASKET!!!\Desktop\Progra\PIC\Servomotores Programacion\ServoMotor.lst

               ROM used:   914 words (11%)
                           Largest free fragment is 2048
               RAM used:   10 (3%) at main() level
                           36 (10%) worst case
               Stack used: 2 locations
               Stack size: 8

*
0000:  MOVLW  03
0001:  MOVWF  0A
0002:  GOTO   320
0003:  NOP
.................... #include<16F877a.h> 
.................... //////////// Standard Header file for the PIC16F877A device //////////////// 
.................... /////////////////////////////////////////////////////////////////////////// 
.................... ////        (C) Copyright 1996, 2014 Custom Computer Services          //// 
.................... //// This source code may only be used by licensed users of the CCS C  //// 
.................... //// compiler.  This source code may only be distributed to other      //// 
.................... //// licensed users of the CCS C compiler.  No other use, reproduction //// 
.................... //// or distribution is permitted without written permission.          //// 
.................... //// Derivative programs created using this software in object code    //// 
.................... //// form are not restricted in any way.                               //// 
.................... /////////////////////////////////////////////////////////////////////////// 
.................... #device PIC16F877A 
*
001B:  MOVF   2C,W
001C:  BTFSC  03.2
001D:  GOTO   08B
001E:  MOVWF  34
001F:  MOVF   30,W
0020:  BTFSC  03.2
0021:  GOTO   08B
0022:  ADDWF  34,F
0023:  BTFSC  03.0
0024:  GOTO   02C
0025:  MOVLW  7F
0026:  SUBWF  34,F
0027:  BTFSS  03.0
0028:  GOTO   08B
0029:  BTFSC  03.2
002A:  GOTO   08B
002B:  GOTO   030
002C:  MOVLW  81
002D:  ADDWF  34,F
002E:  BTFSC  03.0
002F:  GOTO   08B
0030:  MOVF   34,W
0031:  MOVWF  77
0032:  CLRF   78
0033:  CLRF   79
0034:  CLRF   7A
0035:  MOVF   2D,W
0036:  MOVWF  38
0037:  BSF    38.7
0038:  MOVF   2E,W
0039:  MOVWF  37
003A:  MOVF   2F,W
003B:  MOVWF  36
003C:  MOVLW  18
003D:  MOVWF  34
003E:  CLRF   35
003F:  BTFSS  36.0
0040:  GOTO   059
0041:  MOVF   33,W
0042:  ADDWF  7A,F
0043:  BTFSS  03.0
0044:  GOTO   04B
0045:  INCF   79,F
0046:  BTFSS  03.2
0047:  GOTO   04B
0048:  INCF   78,F
0049:  BTFSC  03.2
004A:  BSF    35.7
004B:  MOVF   32,W
004C:  ADDWF  79,F
004D:  BTFSS  03.0
004E:  GOTO   052
004F:  INCF   78,F
0050:  BTFSC  03.2
0051:  BSF    35.7
0052:  MOVF   31,W
0053:  MOVWF  2E
0054:  BSF    2E.7
0055:  MOVF   2E,W
0056:  ADDWF  78,F
0057:  BTFSC  03.0
0058:  BSF    35.7
0059:  RLF    35,F
005A:  RRF    78,F
005B:  RRF    79,F
005C:  RRF    7A,F
005D:  RRF    38,F
005E:  RRF    37,F
005F:  RRF    36,F
0060:  BCF    03.0
0061:  DECFSZ 34,F
0062:  GOTO   03E
0063:  MOVLW  01
0064:  ADDWF  77,F
0065:  BTFSC  03.0
0066:  GOTO   08B
0067:  BTFSC  78.7
0068:  GOTO   070
0069:  RLF    38,F
006A:  RLF    7A,F
006B:  RLF    79,F
006C:  RLF    78,F
006D:  DECF   77,F
006E:  BTFSC  03.2
006F:  GOTO   08B
0070:  BTFSS  38.7
0071:  GOTO   081
0072:  INCF   7A,F
0073:  BTFSS  03.2
0074:  GOTO   081
0075:  INCF   79,F
0076:  BTFSS  03.2
0077:  GOTO   081
0078:  INCF   78,F
0079:  BTFSS  03.2
007A:  GOTO   081
007B:  RRF    78,F
007C:  RRF    79,F
007D:  RRF    7A,F
007E:  INCF   77,F
007F:  BTFSC  03.2
0080:  GOTO   08B
0081:  MOVF   2D,W
0082:  MOVWF  35
0083:  MOVF   31,W
0084:  XORWF  35,F
0085:  BTFSS  35.7
0086:  GOTO   089
0087:  BSF    78.7
0088:  GOTO   08F
0089:  BCF    78.7
008A:  GOTO   08F
008B:  CLRF   77
008C:  CLRF   78
008D:  CLRF   79
008E:  CLRF   7A
*
00A5:  MOVF   30,W
00A6:  BTFSC  03.2
00A7:  GOTO   16A
00A8:  MOVWF  3C
00A9:  MOVF   34,W
00AA:  BTFSC  03.2
00AB:  GOTO   16A
00AC:  SUBWF  3C,F
00AD:  BTFSS  03.0
00AE:  GOTO   0B4
00AF:  MOVLW  7F
00B0:  ADDWF  3C,F
00B1:  BTFSC  03.0
00B2:  GOTO   16A
00B3:  GOTO   0BA
00B4:  MOVLW  81
00B5:  SUBWF  3C,F
00B6:  BTFSS  03.0
00B7:  GOTO   16A
00B8:  BTFSC  03.2
00B9:  GOTO   16A
00BA:  MOVF   3C,W
00BB:  MOVWF  77
00BC:  CLRF   78
00BD:  CLRF   79
00BE:  CLRF   7A
00BF:  CLRF   3B
00C0:  MOVF   31,W
00C1:  MOVWF  3A
00C2:  BSF    3A.7
00C3:  MOVF   32,W
00C4:  MOVWF  39
00C5:  MOVF   33,W
00C6:  MOVWF  38
00C7:  MOVLW  19
00C8:  MOVWF  3C
00C9:  MOVF   37,W
00CA:  SUBWF  38,F
00CB:  BTFSC  03.0
00CC:  GOTO   0DD
00CD:  MOVLW  01
00CE:  SUBWF  39,F
00CF:  BTFSC  03.0
00D0:  GOTO   0DD
00D1:  SUBWF  3A,F
00D2:  BTFSC  03.0
00D3:  GOTO   0DD
00D4:  SUBWF  3B,F
00D5:  BTFSC  03.0
00D6:  GOTO   0DD
00D7:  INCF   3B,F
00D8:  INCF   3A,F
00D9:  INCF   39,F
00DA:  MOVF   37,W
00DB:  ADDWF  38,F
00DC:  GOTO   10F
00DD:  MOVF   36,W
00DE:  SUBWF  39,F
00DF:  BTFSC  03.0
00E0:  GOTO   0F8
00E1:  MOVLW  01
00E2:  SUBWF  3A,F
00E3:  BTFSC  03.0
00E4:  GOTO   0F8
00E5:  SUBWF  3B,F
00E6:  BTFSC  03.0
00E7:  GOTO   0F8
00E8:  INCF   3B,F
00E9:  INCF   3A,F
00EA:  MOVF   36,W
00EB:  ADDWF  39,F
00EC:  MOVF   37,W
00ED:  ADDWF  38,F
00EE:  BTFSS  03.0
00EF:  GOTO   10F
00F0:  INCF   39,F
00F1:  BTFSS  03.2
00F2:  GOTO   10F
00F3:  INCF   3A,F
00F4:  BTFSS  03.2
00F5:  GOTO   10F
00F6:  INCF   3B,F
00F7:  GOTO   10F
00F8:  MOVF   35,W
00F9:  IORLW  80
00FA:  SUBWF  3A,F
00FB:  BTFSC  03.0
00FC:  GOTO   10E
00FD:  MOVLW  01
00FE:  SUBWF  3B,F
00FF:  BTFSC  03.0
0100:  GOTO   10E
0101:  INCF   3B,F
0102:  MOVF   35,W
0103:  IORLW  80
0104:  ADDWF  3A,F
0105:  MOVF   36,W
0106:  ADDWF  39,F
0107:  BTFSS  03.0
0108:  GOTO   0EC
0109:  INCF   3A,F
010A:  BTFSS  03.2
010B:  GOTO   0EC
010C:  INCF   3B,F
010D:  GOTO   0EC
010E:  BSF    7A.0
010F:  DECFSZ 3C,F
0110:  GOTO   112
0111:  GOTO   11D
0112:  BCF    03.0
0113:  RLF    38,F
0114:  RLF    39,F
0115:  RLF    3A,F
0116:  RLF    3B,F
0117:  BCF    03.0
0118:  RLF    7A,F
0119:  RLF    79,F
011A:  RLF    78,F
011B:  RLF    3D,F
011C:  GOTO   0C9
011D:  BTFSS  3D.0
011E:  GOTO   125
011F:  BCF    03.0
0120:  RRF    78,F
0121:  RRF    79,F
0122:  RRF    7A,F
0123:  RRF    3D,F
0124:  GOTO   128
0125:  DECF   77,F
0126:  BTFSC  03.2
0127:  GOTO   16A
0128:  BTFSC  3D.7
0129:  GOTO   151
012A:  BCF    03.0
012B:  RLF    38,F
012C:  RLF    39,F
012D:  RLF    3A,F
012E:  RLF    3B,F
012F:  MOVF   37,W
0130:  SUBWF  38,F
0131:  BTFSC  03.0
0132:  GOTO   13D
0133:  MOVLW  01
0134:  SUBWF  39,F
0135:  BTFSC  03.0
0136:  GOTO   13D
0137:  SUBWF  3A,F
0138:  BTFSC  03.0
0139:  GOTO   13D
013A:  SUBWF  3B,F
013B:  BTFSS  03.0
013C:  GOTO   160
013D:  MOVF   36,W
013E:  SUBWF  39,F
013F:  BTFSC  03.0
0140:  GOTO   148
0141:  MOVLW  01
0142:  SUBWF  3A,F
0143:  BTFSC  03.0
0144:  GOTO   148
0145:  SUBWF  3B,F
0146:  BTFSS  03.0
0147:  GOTO   160
0148:  MOVF   35,W
0149:  IORLW  80
014A:  SUBWF  3A,F
014B:  BTFSC  03.0
014C:  GOTO   151
014D:  MOVLW  01
014E:  SUBWF  3B,F
014F:  BTFSS  03.0
0150:  GOTO   160
0151:  INCF   7A,F
0152:  BTFSS  03.2
0153:  GOTO   160
0154:  INCF   79,F
0155:  BTFSS  03.2
0156:  GOTO   160
0157:  INCF   78,F
0158:  BTFSS  03.2
0159:  GOTO   160
015A:  INCF   77,F
015B:  BTFSC  03.2
015C:  GOTO   16A
015D:  RRF    78,F
015E:  RRF    79,F
015F:  RRF    7A,F
0160:  MOVF   31,W
0161:  MOVWF  3C
0162:  MOVF   35,W
0163:  XORWF  3C,F
0164:  BTFSS  3C.7
0165:  GOTO   168
0166:  BSF    78.7
0167:  GOTO   16E
0168:  BCF    78.7
0169:  GOTO   16E
016A:  CLRF   77
016B:  CLRF   78
016C:  CLRF   79
016D:  CLRF   7A
*
0185:  MOVLW  80
0186:  BTFSC  03.1
0187:  XORWF  35,F
0188:  CLRF   3A
0189:  CLRF   3B
018A:  MOVF   31,W
018B:  MOVWF  39
018C:  MOVF   35,W
018D:  XORWF  39,F
018E:  MOVF   30,W
018F:  BTFSC  03.2
0190:  GOTO   275
0191:  MOVWF  38
0192:  MOVWF  77
0193:  MOVF   34,W
0194:  BTFSC  03.2
0195:  GOTO   27E
0196:  SUBWF  38,F
0197:  BTFSC  03.2
0198:  GOTO   21A
0199:  BTFSS  03.0
019A:  GOTO   1D8
019B:  MOVF   35,W
019C:  MOVWF  3E
019D:  BSF    3E.7
019E:  MOVF   36,W
019F:  MOVWF  3D
01A0:  MOVF   37,W
01A1:  MOVWF  3C
01A2:  CLRF   3B
01A3:  BCF    03.0
01A4:  RRF    3E,F
01A5:  RRF    3D,F
01A6:  RRF    3C,F
01A7:  RRF    3B,F
01A8:  DECFSZ 38,F
01A9:  GOTO   1A2
01AA:  BTFSS  39.7
01AB:  GOTO   1AF
01AC:  BSF    3A.0
01AD:  GOTO   292
01AE:  BCF    3A.0
01AF:  BCF    38.0
01B0:  BSF    3A.4
01B1:  MOVLW  33
01B2:  MOVWF  04
01B3:  BCF    03.7
01B4:  GOTO   2A7
01B5:  BCF    3A.4
01B6:  BTFSC  39.7
01B7:  GOTO   1C2
01B8:  BTFSS  38.0
01B9:  GOTO   1CD
01BA:  RRF    3E,F
01BB:  RRF    3D,F
01BC:  RRF    3C,F
01BD:  RRF    3B,F
01BE:  INCF   77,F
01BF:  BTFSC  03.2
01C0:  GOTO   28D
01C1:  GOTO   1CD
01C2:  BTFSC  3E.7
01C3:  GOTO   1D0
01C4:  BCF    03.0
01C5:  RLF    3B,F
01C6:  RLF    3C,F
01C7:  RLF    3D,F
01C8:  RLF    3E,F
01C9:  DECF   77,F
01CA:  BTFSC  03.2
01CB:  GOTO   28D
01CC:  GOTO   1C2
01CD:  BSF    3A.6
01CE:  GOTO   23A
01CF:  BCF    3A.6
01D0:  MOVF   31,W
01D1:  MOVWF  39
01D2:  BTFSS  39.7
01D3:  GOTO   1D6
01D4:  BSF    3E.7
01D5:  GOTO   286
01D6:  BCF    3E.7
01D7:  GOTO   286
01D8:  MOVF   34,W
01D9:  MOVWF  38
01DA:  MOVWF  77
01DB:  MOVF   30,W
01DC:  SUBWF  38,F
01DD:  MOVF   31,W
01DE:  MOVWF  3E
01DF:  BSF    3E.7
01E0:  MOVF   32,W
01E1:  MOVWF  3D
01E2:  MOVF   33,W
01E3:  MOVWF  3C
01E4:  CLRF   3B
01E5:  BCF    03.0
01E6:  RRF    3E,F
01E7:  RRF    3D,F
01E8:  RRF    3C,F
01E9:  RRF    3B,F
01EA:  DECFSZ 38,F
01EB:  GOTO   1E4
01EC:  BTFSS  39.7
01ED:  GOTO   1F1
01EE:  BSF    3A.1
01EF:  GOTO   292
01F0:  BCF    3A.1
01F1:  BCF    38.0
01F2:  BSF    3A.5
01F3:  MOVLW  37
01F4:  MOVWF  04
01F5:  BCF    03.7
01F6:  GOTO   2A7
01F7:  BCF    3A.5
01F8:  BTFSC  39.7
01F9:  GOTO   204
01FA:  BTFSS  38.0
01FB:  GOTO   20F
01FC:  RRF    3E,F
01FD:  RRF    3D,F
01FE:  RRF    3C,F
01FF:  RRF    3B,F
0200:  INCF   77,F
0201:  BTFSC  03.2
0202:  GOTO   28D
0203:  GOTO   20F
0204:  BTFSC  3E.7
0205:  GOTO   212
0206:  BCF    03.0
0207:  RLF    3B,F
0208:  RLF    3C,F
0209:  RLF    3D,F
020A:  RLF    3E,F
020B:  DECF   77,F
020C:  BTFSC  03.2
020D:  GOTO   28D
020E:  GOTO   204
020F:  BSF    3A.7
0210:  GOTO   23A
0211:  BCF    3A.7
0212:  MOVF   35,W
0213:  MOVWF  39
0214:  BTFSS  39.7
0215:  GOTO   218
0216:  BSF    3E.7
0217:  GOTO   286
0218:  BCF    3E.7
0219:  GOTO   286
021A:  MOVF   35,W
021B:  MOVWF  3E
021C:  BSF    3E.7
021D:  MOVF   36,W
021E:  MOVWF  3D
021F:  MOVF   37,W
0220:  MOVWF  3C
0221:  BTFSS  39.7
0222:  GOTO   227
0223:  BCF    3E.7
0224:  BSF    3A.2
0225:  GOTO   292
0226:  BCF    3A.2
0227:  CLRF   3B
0228:  BCF    38.0
0229:  MOVLW  33
022A:  MOVWF  04
022B:  BCF    03.7
022C:  GOTO   2A7
022D:  BTFSC  39.7
022E:  GOTO   250
022F:  MOVF   31,W
0230:  MOVWF  39
0231:  BTFSS  38.0
0232:  GOTO   23A
0233:  RRF    3E,F
0234:  RRF    3D,F
0235:  RRF    3C,F
0236:  RRF    3B,F
0237:  INCF   77,F
0238:  BTFSC  03.2
0239:  GOTO   28D
023A:  BTFSS  3B.7
023B:  GOTO   24B
023C:  INCF   3C,F
023D:  BTFSS  03.2
023E:  GOTO   24B
023F:  INCF   3D,F
0240:  BTFSS  03.2
0241:  GOTO   24B
0242:  INCF   3E,F
0243:  BTFSS  03.2
0244:  GOTO   24B
0245:  RRF    3E,F
0246:  RRF    3D,F
0247:  RRF    3C,F
0248:  INCF   77,F
0249:  BTFSC  03.2
024A:  GOTO   28D
024B:  BTFSC  3A.6
024C:  GOTO   1CF
024D:  BTFSC  3A.7
024E:  GOTO   211
024F:  GOTO   26F
0250:  MOVLW  80
0251:  XORWF  3E,F
0252:  BTFSS  3E.7
0253:  GOTO   258
0254:  GOTO   292
0255:  MOVF   35,W
0256:  MOVWF  39
0257:  GOTO   265
0258:  MOVF   31,W
0259:  MOVWF  39
025A:  MOVF   3E,F
025B:  BTFSS  03.2
025C:  GOTO   265
025D:  MOVF   3D,F
025E:  BTFSS  03.2
025F:  GOTO   265
0260:  MOVF   3C,F
0261:  BTFSS  03.2
0262:  GOTO   265
0263:  CLRF   77
0264:  GOTO   286
0265:  BTFSC  3E.7
0266:  GOTO   26F
0267:  BCF    03.0
0268:  RLF    3B,F
0269:  RLF    3C,F
026A:  RLF    3D,F
026B:  RLF    3E,F
026C:  DECFSZ 77,F
026D:  GOTO   265
026E:  GOTO   28D
026F:  BTFSS  39.7
0270:  GOTO   273
0271:  BSF    3E.7
0272:  GOTO   286
0273:  BCF    3E.7
0274:  GOTO   286
0275:  MOVF   34,W
0276:  MOVWF  77
0277:  MOVF   35,W
0278:  MOVWF  3E
0279:  MOVF   36,W
027A:  MOVWF  3D
027B:  MOVF   37,W
027C:  MOVWF  3C
027D:  GOTO   286
027E:  MOVF   30,W
027F:  MOVWF  77
0280:  MOVF   31,W
0281:  MOVWF  3E
0282:  MOVF   32,W
0283:  MOVWF  3D
0284:  MOVF   33,W
0285:  MOVWF  3C
0286:  MOVF   3E,W
0287:  MOVWF  78
0288:  MOVF   3D,W
0289:  MOVWF  79
028A:  MOVF   3C,W
028B:  MOVWF  7A
028C:  GOTO   2C5
028D:  CLRF   77
028E:  CLRF   78
028F:  CLRF   79
0290:  CLRF   7A
0291:  GOTO   2C5
0292:  CLRF   3B
0293:  COMF   3C,F
0294:  COMF   3D,F
0295:  COMF   3E,F
0296:  COMF   3B,F
0297:  INCF   3B,F
0298:  BTFSS  03.2
0299:  GOTO   2A0
029A:  INCF   3C,F
029B:  BTFSS  03.2
029C:  GOTO   2A0
029D:  INCF   3D,F
029E:  BTFSC  03.2
029F:  INCF   3E,F
02A0:  BTFSC  3A.0
02A1:  GOTO   1AE
02A2:  BTFSC  3A.1
02A3:  GOTO   1F0
02A4:  BTFSC  3A.2
02A5:  GOTO   226
02A6:  GOTO   255
02A7:  MOVF   00,W
02A8:  ADDWF  3C,F
02A9:  BTFSS  03.0
02AA:  GOTO   2B1
02AB:  INCF   3D,F
02AC:  BTFSS  03.2
02AD:  GOTO   2B1
02AE:  INCF   3E,F
02AF:  BTFSC  03.2
02B0:  BSF    38.0
02B1:  DECF   04,F
02B2:  MOVF   00,W
02B3:  ADDWF  3D,F
02B4:  BTFSS  03.0
02B5:  GOTO   2B9
02B6:  INCF   3E,F
02B7:  BTFSC  03.2
02B8:  BSF    38.0
02B9:  DECF   04,F
02BA:  MOVF   00,W
02BB:  BTFSS  00.7
02BC:  XORLW  80
02BD:  ADDWF  3E,F
02BE:  BTFSC  03.0
02BF:  BSF    38.0
02C0:  BTFSC  3A.4
02C1:  GOTO   1B5
02C2:  BTFSC  3A.5
02C3:  GOTO   1F7
02C4:  GOTO   22D
*
02CD:  MOVLW  8E
02CE:  MOVWF  77
02CF:  MOVF   2C,W
02D0:  SUBWF  77,F
02D1:  MOVF   2D,W
02D2:  MOVWF  79
02D3:  MOVF   2E,W
02D4:  MOVWF  78
02D5:  BSF    79.7
02D6:  MOVF   77,F
02D7:  BTFSC  03.2
02D8:  GOTO   2E4
02D9:  BCF    03.0
02DA:  MOVF   79,F
02DB:  BTFSS  03.2
02DC:  GOTO   2E0
02DD:  MOVF   78,F
02DE:  BTFSC  03.2
02DF:  GOTO   2E4
02E0:  RRF    79,F
02E1:  RRF    78,F
02E2:  DECFSZ 77,F
02E3:  GOTO   2D9
02E4:  BTFSS  2D.7
02E5:  GOTO   2EB
02E6:  COMF   78,F
02E7:  COMF   79,F
02E8:  INCF   78,F
02E9:  BTFSC  03.2
02EA:  INCF   79,F
*
0303:  MOVLW  8E
0304:  MOVWF  77
0305:  MOVF   23,W
0306:  MOVWF  78
0307:  MOVF   22,W
0308:  MOVWF  79
0309:  CLRF   7A
030A:  MOVF   78,F
030B:  BTFSS  03.2
030C:  GOTO   317
030D:  MOVF   79,W
030E:  MOVWF  78
030F:  CLRF   79
0310:  MOVLW  08
0311:  SUBWF  77,F
0312:  MOVF   78,F
0313:  BTFSS  03.2
0314:  GOTO   317
0315:  CLRF   77
0316:  GOTO   31F
0317:  BCF    03.0
0318:  BTFSC  78.7
0319:  GOTO   31E
031A:  RLF    79,F
031B:  RLF    78,F
031C:  DECF   77,F
031D:  GOTO   317
031E:  BCF    78.7
031F:  RETURN
....................  
.................... #list 
....................  
.................... #FUSES HS, NOWDT, NOLVP  
.................... #use DELAY(CLOCK=8M) 
....................  
.................... void VDelay_us(unsigned time_us){  //esta funcion son delay_us pero a diferencia de la que viene en MikroC esta deja meter variables 
....................      //64Mhz  time_us/=1           //Es importante elegir la opcion de acuerdo a los Mhz que trabaja el PIC 
....................      //32Mhz  time_us/=2 
....................      //16Mhz  time_us/=4 
....................      //8Mhz   time_us/=8 
....................      //4Mhz   time_us/=16 
....................      time_us /=8;                //En mi caso elegi uno a 4mhz a si que selecciono 16 
*
0004:  RRF    2C,F
0005:  RRF    2C,F
0006:  RRF    2C,F
0007:  MOVLW  1F
0008:  ANDWF  2C,F
....................       
....................      while(time_us)    //crea un bucle dependiendo los microsegundos que tenga "time_us" 
0009:  MOVF   2C,F
000A:  BTFSS  03.2
....................           {} 
000B:  GOTO   009
000C:  RETURN
....................                          //Funcion de ensamblador "No operacion" 
....................                          //Nada de esto hay que modificar si no sabemos para que es.... 
....................                                   //Ciero el while 
.................... }                                 //cierro funcion VDelay_us(); 
....................  
.................... void gira(float grados){  //Esta es mi funcion de girar el servomotor de 0 a 180 grados. 
....................           int i,valor;            //Variables de tipo entero 
....................           valor = ((grados * 2000)/180)+600;   //Hago la operacion que se explicon en el video 
000D:  MOVF   29,W
000E:  MOVWF  2F
000F:  MOVF   28,W
0010:  MOVWF  2E
0011:  MOVF   27,W
0012:  MOVWF  2D
0013:  MOVF   26,W
0014:  MOVWF  2C
0015:  CLRF   33
0016:  CLRF   32
0017:  MOVLW  7A
0018:  MOVWF  31
0019:  MOVLW  89
001A:  MOVWF  30
*
008F:  MOVF   7A,W
0090:  MOVWF  2F
0091:  MOVF   79,W
0092:  MOVWF  2E
0093:  MOVF   78,W
0094:  MOVWF  2D
0095:  MOVF   77,W
0096:  MOVWF  2C
0097:  MOVF   2F,W
0098:  MOVWF  33
0099:  MOVF   2E,W
009A:  MOVWF  32
009B:  MOVF   2D,W
009C:  MOVWF  31
009D:  MOVF   2C,W
009E:  MOVWF  30
009F:  CLRF   37
00A0:  CLRF   36
00A1:  MOVLW  34
00A2:  MOVWF  35
00A3:  MOVLW  86
00A4:  MOVWF  34
*
016E:  MOVF   7A,W
016F:  MOVWF  2F
0170:  MOVF   79,W
0171:  MOVWF  2E
0172:  MOVF   78,W
0173:  MOVWF  2D
0174:  MOVF   77,W
0175:  MOVWF  2C
0176:  BCF    03.1
0177:  MOVF   2F,W
0178:  MOVWF  33
0179:  MOVF   2E,W
017A:  MOVWF  32
017B:  MOVF   2D,W
017C:  MOVWF  31
017D:  MOVF   2C,W
017E:  MOVWF  30
017F:  CLRF   37
0180:  CLRF   36
0181:  MOVLW  16
0182:  MOVWF  35
0183:  MOVLW  88
0184:  MOVWF  34
*
02C5:  MOVF   7A,W
02C6:  MOVWF  2F
02C7:  MOVF   79,W
02C8:  MOVWF  2E
02C9:  MOVF   78,W
02CA:  MOVWF  2D
02CB:  MOVF   77,W
02CC:  MOVWF  2C
*
02EB:  MOVF   78,W
02EC:  MOVWF  2B
....................            
....................           for(i=0;i<=50;i++){   //Creo un for para que la operacion dentro se repita 50 veces Recomiendo de "50 a 200" 
02ED:  CLRF   2A
02EE:  MOVF   2A,W
02EF:  SUBLW  32
02F0:  BTFSS  03.0
02F1:  GOTO   302
....................                 output_high(pin_b0);         //Estado logico alto 
02F2:  BSF    03.5
02F3:  BCF    06.0
02F4:  BCF    03.5
02F5:  BSF    06.0
....................                 VDelay_us(valor);   //Retardo de acuerdo a la formula y utilizo la funcion VDelay_us de arriba :D 
02F6:  MOVF   2B,W
02F7:  MOVWF  2C
02F8:  CALL   004
....................                 output_low(pin_b0);         //Estado logico bajo 
02F9:  BSF    03.5
02FA:  BCF    06.0
02FB:  BCF    03.5
02FC:  BCF    06.0
....................                 VDelay_us(19000);   //DUrante 19000 micro segundos con la funcion creada VDelay_us 
02FD:  MOVLW  38
02FE:  MOVWF  2C
02FF:  CALL   004
0300:  INCF   2A,F
0301:  GOTO   2EE
....................                 }                   //Cierro el for 
0302:  RETURN
.................... }           //cierro la funcion 
....................  
....................  
.................... void main() {    //Funion principal 
*
0320:  MOVF   03,W
0321:  ANDLW  1F
0322:  MOVWF  03
0323:  BSF    03.5
0324:  BSF    1F.0
0325:  BSF    1F.1
0326:  BSF    1F.2
0327:  BCF    1F.3
0328:  MOVLW  07
0329:  MOVWF  1C
032A:  BCF    03.7
.................... int pos;         //Variable de tipo entero 
....................  
....................  
....................  
....................  
....................  
....................          while(1){  //Creo un bucle infinito 
....................           
....................                   gira(0);    //Llamo la funcion creada arriba "gira(grados);" y le digo a que grados girar 
032B:  BCF    03.5
032C:  CLRF   29
032D:  CLRF   28
032E:  CLRF   27
032F:  CLRF   26
0330:  CALL   00D
....................                   gira(90); 
0331:  CLRF   29
0332:  CLRF   28
0333:  MOVLW  34
0334:  MOVWF  27
0335:  MOVLW  85
0336:  MOVWF  26
0337:  CALL   00D
....................                   gira(180); 
0338:  CLRF   29
0339:  CLRF   28
033A:  MOVLW  34
033B:  MOVWF  27
033C:  MOVLW  86
033D:  MOVWF  26
033E:  CALL   00D
....................                   gira(135); 
033F:  CLRF   29
0340:  CLRF   28
0341:  MOVLW  07
0342:  MOVWF  27
0343:  MOVLW  86
0344:  MOVWF  26
0345:  CALL   00D
....................                   gira(90); 
0346:  CLRF   29
0347:  CLRF   28
0348:  MOVLW  34
0349:  MOVWF  27
034A:  MOVLW  85
034B:  MOVWF  26
034C:  CALL   00D
....................                   gira(45); 
034D:  CLRF   29
034E:  CLRF   28
034F:  MOVLW  34
0350:  MOVWF  27
0351:  MOVLW  84
0352:  MOVWF  26
0353:  CALL   00D
....................                   gira(0); 
0354:  CLRF   29
0355:  CLRF   28
0356:  CLRF   27
0357:  CLRF   26
0358:  CALL   00D
....................                    
....................                   for(pos=0;pos<=180;pos=pos+10){ //Creo un for el cual empieza de 0 y me aumenta 10 grados hasta llegar a 180 
0359:  CLRF   21
035A:  MOVF   21,W
035B:  SUBLW  B4
035C:  BTFSS  03.0
035D:  GOTO   376
....................                   gira(pos);                      //de acuerdo a lo que tenga "pos" es a donde gira el servomotor 
035E:  CLRF   23
035F:  MOVF   21,W
0360:  MOVWF  22
0361:  CALL   303
0362:  MOVF   7A,W
0363:  MOVWF  25
0364:  MOVF   79,W
0365:  MOVWF  24
0366:  MOVF   78,W
0367:  MOVWF  23
0368:  MOVF   77,W
0369:  MOVWF  22
036A:  MOVF   7A,W
036B:  MOVWF  29
036C:  MOVF   79,W
036D:  MOVWF  28
036E:  MOVF   78,W
036F:  MOVWF  27
0370:  MOVF   77,W
0371:  MOVWF  26
0372:  CALL   00D
0373:  MOVLW  0A
0374:  ADDWF  21,F
0375:  GOTO   35A
....................                                                  }//Cierro el For 
....................                                                   
....................                   for(pos=180;pos>=0;pos=pos-10){ //Lo mismo que el anterior pero ahora empiezo en 180 y disminuye hasta llegar a 0 
0376:  MOVLW  B4
0377:  MOVWF  21
....................                   gira(pos);                      //de acuerdo a lo que tenga "pos" es a donde gira el servomotor 
0378:  CLRF   23
0379:  MOVF   21,W
037A:  MOVWF  22
037B:  CALL   303
037C:  MOVF   7A,W
037D:  MOVWF  25
037E:  MOVF   79,W
037F:  MOVWF  24
0380:  MOVF   78,W
0381:  MOVWF  23
0382:  MOVF   77,W
0383:  MOVWF  22
0384:  MOVF   7A,W
0385:  MOVWF  29
0386:  MOVF   79,W
0387:  MOVWF  28
0388:  MOVF   78,W
0389:  MOVWF  27
038A:  MOVF   77,W
038B:  MOVWF  26
038C:  CALL   00D
038D:  MOVLW  0A
038E:  SUBWF  21,F
038F:  GOTO   378
....................                                                  }//Cierro el For 
0390:  GOTO   32C
....................                                                   
....................                   }//Cierro while 
.................... }//Cierro funcion principal 
0391:  SLEEP

Configuration Fuses:
   Word  1: 3F72   HS NOWDT PUT BROWNOUT NOLVP NOCPD NOWRT NODEBUG NOPROTECT
